{
  "content": "test"
}
{
  "content": "ab"
}
{
  "content": "cd"
}
{
  "content": "ef"
}
{
  "content": "gh"
}
{
  "content": "ab cd ef gh"
}
{
  "nextToken": "4",
  "page": [
    {
      "content": "ab"
    },
    {
      "content": "cd"
    }
  ]
}
{
  "nextToken": "5",
  "page": [
    {
      "content": "ef"
    },
    {
      "content": "gh"
    }
  ]
}
{
  "nextToken": "6",
  "page": [
    {
      "content": "ij"
    },
    {
      "content": "kl"
    }
  ]
}
{
  "nextToken": "",
  "page": [
    {
      "content": "mn"
    }
  ]
}
{
  "content": "okay"
}
